2026-03-21 08:19:00,226 [INFO] [MainThread] [root/log.py:95]: YASB v1.9.0
2026-03-21 08:19:00,227 [INFO] [CLIPipeServer] [cli_server/cli_server.py:215]: CLI server started v1.1.6
2026-03-21 08:19:00,227 [INFO] [MainThread] [cli_server/cli_server.py:106]: Log pipe server started
2026-03-21 08:19:00,315 [DEBUG] [MainThread] [qasync._windows._EventPoller/_windows.py:215]: Starting (proactor: <_IocpProactor overlapped#=0 result#=0>)...
2026-03-21 08:19:00,315 [DEBUG] [Dummy-3] [qasync._windows._EventWorker/_windows.py:195]: Thread started
2026-03-21 08:19:00,317 [INFO] [MainThread] [root/config.py:59]: Created default config file at C:\Users\nastu\.config\yasb\config.yaml
2026-03-21 08:19:00,336 [INFO] [MainThread] [root/config.py:73]: Created default stylesheet at C:\Users\nastu\.config\yasb\styles.css
2026-03-21 08:19:00,850 [ERROR] [MainThread] [root/weather.py:41]: API key or location is missing. Please provide a valid API key and location.
2026-03-21 08:19:00,859 [INFO] [MainThread] [root/service.py:41]: AudioInputService starting...
2026-03-21 08:19:00,906 [INFO] [MainThread] [root/service.py:52]: AudioOutputService starting...
2026-03-21 08:19:01,049 [ERROR] [MainThread] [root/weather.py:41]: API key or location is missing. Please provide a valid API key and location.
2026-03-21 08:19:01,211 [ERROR] [MainThread] [root/weather.py:41]: API key or location is missing. Please provide a valid API key and location.
2026-03-21 08:19:01,393 [INFO] [MainThread] [root/bar_manager.py:88]: Starting KomorebiEventListener...
2026-03-21 08:19:01,393 [INFO] [MainThread] [root/bar_manager.py:88]: Starting WindowsNotificationEventListener...
2026-03-21 08:19:01,393 [INFO] [MainThread] [root/bar_manager.py:88]: Starting SystemEventListener...
2026-03-21 08:19:01,394 [INFO] [MainThread] [root/watcher.py:65]: Watching directory: c:\users\nastu\.config\yasb
2026-03-21 08:19:01,394 [INFO] [MainThread] [root/watcher.py:104]: Created file watcher
2026-03-21 08:19:01,605 [INFO] [Dummy-8] [root/event_listener.py:51]: Created named pipe yasb-3c179d57-24f6-11f1-a5e2-9c1221c73655
2026-03-21 08:19:01,624 [INFO] [MainThread] [root/update_service.py:429]: Background update checker started
2026-03-21 08:20:59,397 [INFO] [CLIPipeServer] [cli_server/cli_server.py:256]: CLI server received command: stop
2026-03-21 08:20:59,397 [INFO] [CLIPipeServer] [root/controller.py:37]: Exiting Application from CLI...
2026-03-21 08:20:59,500 [INFO] [CLIPipeServer] [cli_server/cli_server.py:114]: Log pipe server stopped
2026-03-21 08:20:59,500 [DEBUG] [CLIPipeServer] [cli_server/cli_server.py:209]: CLI server stopped
2026-03-21 08:20:59,817 [INFO] [MainThread] [root/bar_manager.py:104]: Stopping KomorebiEventListener...
2026-03-21 08:20:59,817 [INFO] [MainThread] [root/bar_manager.py:104]: Stopping WindowsNotificationEventListener...
2026-03-21 08:20:59,817 [INFO] [MainThread] [root/bar_manager.py:104]: Stopping SystemEventListener...
2026-03-21 08:20:59,818 [DEBUG] [Thread-6] [root/watcher.py:84]: Stylesheet modified: c:\users\nastu\.config\yasb\styles.css
2026-03-21 08:21:00,419 [INFO] [MainThread] [root/log.py:95]: YASB v1.9.0
2026-03-21 08:21:00,419 [INFO] [CLIPipeServer] [cli_server/cli_server.py:215]: CLI server started v1.1.6
2026-03-21 08:21:00,419 [INFO] [MainThread] [cli_server/cli_server.py:106]: Log pipe server started
2026-03-21 08:21:00,438 [DEBUG] [MainThread] [qasync._windows._EventPoller/_windows.py:215]: Starting (proactor: <_IocpProactor overlapped#=0 result#=0>)...
2026-03-21 08:21:00,439 [DEBUG] [Dummy-3] [qasync._windows._EventWorker/_windows.py:195]: Thread started
2026-03-21 08:21:00,831 [INFO] [MainThread] [root/service.py:41]: AudioInputService starting...
2026-03-21 08:21:00,870 [INFO] [MainThread] [root/service.py:52]: AudioOutputService starting...
2026-03-21 08:21:01,030 [INFO] [MainThread] [core.utils.widgets.taskbar.window_manager/window_manager.py:191]: TaskbarWindowManager is starting...
2026-03-21 08:21:01,163 [INFO] [MainThread] [root/bar_manager.py:88]: Starting WindowsNotificationEventListener...
2026-03-21 08:21:01,164 [INFO] [MainThread] [root/watcher.py:65]: Watching directory: c:\users\nastu\.config\yasb
2026-03-21 08:21:01,164 [INFO] [MainThread] [root/watcher.py:104]: Created file watcher
2026-03-21 08:21:01,189 [INFO] [MainThread] [root/update_service.py:429]: Background update checker started
2026-03-21 08:24:06,936 [DEBUG] [Thread-7] [root/watcher.py:90]: Config file modified: c:\users\nastu\.config\yasb\config.yaml
2026-03-21 08:26:05,526 [INFO] [MainThread] [root/controller.py:37]: Exiting Application from tray...
2026-03-21 08:26:05,628 [INFO] [MainThread] [cli_server/cli_server.py:114]: Log pipe server stopped
2026-03-21 08:26:05,628 [DEBUG] [MainThread] [cli_server/cli_server.py:209]: CLI server stopped
2026-03-21 08:26:05,644 [INFO] [MainThread] [root/bar_manager.py:104]: Stopping WindowsNotificationEventListener...
2026-03-21 08:26:05,647 [INFO] [MainThread] [core.utils.widgets.taskbar.window_manager/window_manager.py:218]: TaskbarWindowManager stopped
2026-03-21 08:48:40,724 [INFO] [MainThread] [root/log.py:95]: YASB v1.9.0
2026-03-21 08:48:40,725 [INFO] [CLIPipeServer] [cli_server/cli_server.py:215]: CLI server started v1.1.6
2026-03-21 08:48:40,725 [INFO] [MainThread] [cli_server/cli_server.py:106]: Log pipe server started
2026-03-21 08:48:40,741 [DEBUG] [MainThread] [qasync._windows._EventPoller/_windows.py:215]: Starting (proactor: <_IocpProactor overlapped#=0 result#=0>)...
2026-03-21 08:48:40,742 [DEBUG] [Dummy-3] [qasync._windows._EventWorker/_windows.py:195]: Thread started
2026-03-21 08:48:41,024 [INFO] [MainThread] [root/service.py:41]: AudioInputService starting...
2026-03-21 08:48:41,065 [INFO] [MainThread] [root/service.py:52]: AudioOutputService starting...
2026-03-21 08:48:41,176 [INFO] [MainThread] [core.utils.widgets.taskbar.window_manager/window_manager.py:191]: TaskbarWindowManager is starting...
2026-03-21 08:48:41,284 [INFO] [MainThread] [root/bar_manager.py:88]: Starting WindowsNotificationEventListener...
2026-03-21 08:48:41,285 [INFO] [MainThread] [root/watcher.py:65]: Watching directory: c:\users\nastu\.config\yasb
2026-03-21 08:48:41,285 [INFO] [MainThread] [root/watcher.py:104]: Created file watcher
2026-03-21 08:48:41,310 [INFO] [MainThread] [root/update_service.py:429]: Background update checker started
2026-03-21 08:48:54,645 [INFO] [MainThread] [root/bar_manager.py:104]: Stopping WindowsNotificationEventListener...
2026-03-21 08:48:54,646 [INFO] [MainThread] [core.utils.widgets.taskbar.window_manager/window_manager.py:218]: TaskbarWindowManager stopped
2026-03-21 18:47:34,841 [INFO] [MainThread] [root/log.py:95]: YASB v1.9.0
2026-03-21 18:47:34,841 [INFO] [CLIPipeServer] [cli_server/cli_server.py:215]: CLI server started v1.1.6
2026-03-21 18:47:34,841 [INFO] [MainThread] [cli_server/cli_server.py:106]: Log pipe server started
2026-03-21 18:47:34,936 [DEBUG] [MainThread] [qasync._windows._EventPoller/_windows.py:215]: Starting (proactor: <_IocpProactor overlapped#=0 result#=0>)...
2026-03-21 18:47:34,937 [DEBUG] [Dummy-3] [qasync._windows._EventWorker/_windows.py:195]: Thread started
2026-03-21 18:47:35,565 [INFO] [MainThread] [root/service.py:41]: AudioInputService starting...
2026-03-21 18:47:35,609 [INFO] [MainThread] [root/service.py:52]: AudioOutputService starting...
2026-03-21 18:47:35,802 [INFO] [MainThread] [core.utils.widgets.taskbar.window_manager/window_manager.py:191]: TaskbarWindowManager is starting...
2026-03-21 18:47:35,926 [INFO] [MainThread] [root/bar_manager.py:88]: Starting WindowsNotificationEventListener...
2026-03-21 18:47:35,928 [INFO] [MainThread] [root/watcher.py:65]: Watching directory: c:\users\nastu\.config\yasb
2026-03-21 18:47:35,928 [INFO] [MainThread] [root/watcher.py:104]: Created file watcher
2026-03-21 18:47:36,111 [INFO] [MainThread] [root/update_service.py:429]: Background update checker started
2026-03-21 18:48:35,990 [DEBUG] [Thread-7] [root/watcher.py:84]: Stylesheet modified: c:\users\nastu\.config\yasb\styles.css
2026-03-21 18:48:54,654 [INFO] [MainThread] [root/controller.py:37]: Exiting Application from tray...
2026-03-21 18:48:54,768 [INFO] [MainThread] [cli_server/cli_server.py:114]: Log pipe server stopped
2026-03-21 18:48:54,768 [DEBUG] [MainThread] [cli_server/cli_server.py:209]: CLI server stopped
2026-03-21 18:48:54,775 [INFO] [MainThread] [root/bar_manager.py:104]: Stopping WindowsNotificationEventListener...
2026-03-21 18:48:54,775 [INFO] [MainThread] [core.utils.widgets.taskbar.window_manager/window_manager.py:218]: TaskbarWindowManager stopped
2026-03-21 18:49:35,215 [INFO] [MainThread] [root/log.py:95]: YASB v1.9.0
2026-03-21 18:49:35,216 [INFO] [CLIPipeServer] [cli_server/cli_server.py:215]: CLI server started v1.1.6
2026-03-21 18:49:35,216 [INFO] [MainThread] [cli_server/cli_server.py:106]: Log pipe server started
2026-03-21 18:49:35,231 [DEBUG] [MainThread] [qasync._windows._EventPoller/_windows.py:215]: Starting (proactor: <_IocpProactor overlapped#=0 result#=0>)...
2026-03-21 18:49:35,231 [DEBUG] [Dummy-3] [qasync._windows._EventWorker/_windows.py:195]: Thread started
2026-03-21 18:49:35,508 [INFO] [MainThread] [root/service.py:41]: AudioInputService starting...
2026-03-21 18:49:35,554 [INFO] [MainThread] [root/service.py:52]: AudioOutputService starting...
2026-03-21 18:49:35,684 [INFO] [MainThread] [core.utils.widgets.taskbar.window_manager/window_manager.py:191]: TaskbarWindowManager is starting...
2026-03-21 18:49:35,828 [INFO] [MainThread] [root/bar_manager.py:88]: Starting WindowsNotificationEventListener...
2026-03-21 18:49:35,829 [INFO] [MainThread] [root/watcher.py:65]: Watching directory: c:\users\nastu\.config\yasb
2026-03-21 18:49:35,830 [INFO] [MainThread] [root/watcher.py:104]: Created file watcher
2026-03-21 18:49:35,854 [INFO] [MainThread] [root/update_service.py:429]: Background update checker started
2026-03-21 18:50:37,283 [DEBUG] [Thread-7] [root/watcher.py:84]: Stylesheet modified: c:\users\nastu\.config\yasb\styles.css
2026-03-21 18:50:39,406 [DEBUG] [Thread-7] [root/watcher.py:84]: Stylesheet modified: c:\users\nastu\.config\yasb\styles.css
2026-03-21 18:50:41,758 [DEBUG] [Thread-7] [root/watcher.py:84]: Stylesheet modified: c:\users\nastu\.config\yasb\styles.css
2026-03-21 18:50:43,265 [DEBUG] [Thread-7] [root/watcher.py:84]: Stylesheet modified: c:\users\nastu\.config\yasb\styles.css
2026-03-21 18:50:50,512 [DEBUG] [Thread-7] [root/watcher.py:84]: Stylesheet modified: c:\users\nastu\.config\yasb\styles.css
2026-03-21 18:50:55,874 [INFO] [MainThread] [root/controller.py:15]: Reloading Application from tray...
2026-03-21 18:50:55,987 [INFO] [MainThread] [cli_server/cli_server.py:114]: Log pipe server stopped
2026-03-21 18:50:55,987 [DEBUG] [MainThread] [cli_server/cli_server.py:209]: CLI server stopped
2026-03-21 18:50:56,008 [INFO] [MainThread] [root/bar_manager.py:104]: Stopping WindowsNotificationEventListener...
2026-03-21 18:50:56,008 [INFO] [MainThread] [core.utils.widgets.taskbar.window_manager/window_manager.py:218]: TaskbarWindowManager stopped
2026-03-21 18:50:56,245 [INFO] [MainThread] [root/log.py:95]: YASB v1.9.0
2026-03-21 18:50:56,245 [INFO] [CLIPipeServer] [cli_server/cli_server.py:215]: CLI server started v1.1.6
2026-03-21 18:50:56,245 [INFO] [MainThread] [cli_server/cli_server.py:106]: Log pipe server started
2026-03-21 18:50:56,260 [DEBUG] [MainThread] [qasync._windows._EventPoller/_windows.py:215]: Starting (proactor: <_IocpProactor overlapped#=0 result#=0>)...
2026-03-21 18:50:56,261 [DEBUG] [Dummy-3] [qasync._windows._EventWorker/_windows.py:195]: Thread started
2026-03-21 18:50:56,536 [INFO] [MainThread] [root/service.py:41]: AudioInputService starting...
2026-03-21 18:50:56,577 [INFO] [MainThread] [root/service.py:52]: AudioOutputService starting...
2026-03-21 18:50:56,707 [INFO] [MainThread] [core.utils.widgets.taskbar.window_manager/window_manager.py:191]: TaskbarWindowManager is starting...
2026-03-21 18:50:56,853 [INFO] [MainThread] [root/bar_manager.py:88]: Starting WindowsNotificationEventListener...
2026-03-21 18:50:56,854 [INFO] [MainThread] [root/watcher.py:65]: Watching directory: c:\users\nastu\.config\yasb
2026-03-21 18:50:56,855 [INFO] [MainThread] [root/watcher.py:104]: Created file watcher
2026-03-21 18:50:56,879 [INFO] [MainThread] [root/update_service.py:429]: Background update checker started
2026-03-21 18:51:03,143 [DEBUG] [Thread-7] [root/watcher.py:84]: Stylesheet modified: c:\users\nastu\.config\yasb\styles.css
2026-03-21 18:51:28,223 [DEBUG] [Thread-7] [root/watcher.py:90]: Config file modified: c:\users\nastu\.config\yasb\config.yaml
2026-03-21 18:51:28,237 [INFO] [MainThread] [root/controller.py:15]: Reloading Application because of config change.
2026-03-21 18:51:28,343 [INFO] [MainThread] [cli_server/cli_server.py:114]: Log pipe server stopped
2026-03-21 18:51:28,343 [DEBUG] [MainThread] [cli_server/cli_server.py:209]: CLI server stopped
2026-03-21 18:51:28,346 [INFO] [MainThread] [root/bar_manager.py:79]: Successfully loaded updated config and re-initialised all bars.
2026-03-21 18:51:28,354 [INFO] [MainThread] [root/bar_manager.py:104]: Stopping WindowsNotificationEventListener...
2026-03-21 18:51:28,354 [INFO] [MainThread] [core.utils.widgets.taskbar.window_manager/window_manager.py:218]: TaskbarWindowManager stopped
2026-03-21 18:51:28,591 [INFO] [MainThread] [root/log.py:95]: YASB v1.9.0
2026-03-21 18:51:28,591 [INFO] [CLIPipeServer] [cli_server/cli_server.py:215]: CLI server started v1.1.6
2026-03-21 18:51:28,591 [INFO] [MainThread] [cli_server/cli_server.py:106]: Log pipe server started
2026-03-21 18:51:28,606 [DEBUG] [MainThread] [qasync._windows._EventPoller/_windows.py:215]: Starting (proactor: <_IocpProactor overlapped#=0 result#=0>)...
2026-03-21 18:51:28,606 [DEBUG] [Dummy-3] [qasync._windows._EventWorker/_windows.py:195]: Thread started
2026-03-21 18:51:28,880 [INFO] [MainThread] [root/service.py:41]: AudioInputService starting...
2026-03-21 18:51:28,920 [INFO] [MainThread] [root/service.py:52]: AudioOutputService starting...
2026-03-21 18:51:29,050 [INFO] [MainThread] [core.utils.widgets.taskbar.window_manager/window_manager.py:191]: TaskbarWindowManager is starting...
2026-03-21 18:51:29,201 [INFO] [MainThread] [root/bar_manager.py:88]: Starting WindowsNotificationEventListener...
2026-03-21 18:51:29,202 [INFO] [MainThread] [root/watcher.py:65]: Watching directory: c:\users\nastu\.config\yasb
2026-03-21 18:51:29,202 [INFO] [MainThread] [root/watcher.py:104]: Created file watcher
2026-03-21 18:51:29,227 [INFO] [MainThread] [root/update_service.py:429]: Background update checker started
2026-03-21 18:51:32,482 [INFO] [MainThread] [root/controller.py:15]: Reloading Application from tray...
2026-03-21 18:51:32,587 [INFO] [MainThread] [cli_server/cli_server.py:114]: Log pipe server stopped
2026-03-21 18:51:32,588 [DEBUG] [MainThread] [cli_server/cli_server.py:209]: CLI server stopped
2026-03-21 18:51:32,599 [INFO] [MainThread] [root/bar_manager.py:104]: Stopping WindowsNotificationEventListener...
2026-03-21 18:51:32,599 [INFO] [MainThread] [core.utils.widgets.taskbar.window_manager/window_manager.py:218]: TaskbarWindowManager stopped
2026-03-21 18:51:32,841 [INFO] [MainThread] [root/log.py:95]: YASB v1.9.0
2026-03-21 18:51:32,842 [INFO] [CLIPipeServer] [cli_server/cli_server.py:215]: CLI server started v1.1.6
2026-03-21 18:51:32,842 [INFO] [MainThread] [cli_server/cli_server.py:106]: Log pipe server started
2026-03-21 18:51:32,857 [DEBUG] [MainThread] [qasync._windows._EventPoller/_windows.py:215]: Starting (proactor: <_IocpProactor overlapped#=0 result#=0>)...
2026-03-21 18:51:32,857 [DEBUG] [Dummy-3] [qasync._windows._EventWorker/_windows.py:195]: Thread started
2026-03-21 18:51:33,130 [INFO] [MainThread] [root/service.py:41]: AudioInputService starting...
2026-03-21 18:51:33,171 [INFO] [MainThread] [root/service.py:52]: AudioOutputService starting...
2026-03-21 18:51:33,303 [INFO] [MainThread] [core.utils.widgets.taskbar.window_manager/window_manager.py:191]: TaskbarWindowManager is starting...
2026-03-21 18:51:33,446 [INFO] [MainThread] [root/bar_manager.py:88]: Starting WindowsNotificationEventListener...
2026-03-21 18:51:33,447 [INFO] [MainThread] [root/watcher.py:65]: Watching directory: c:\users\nastu\.config\yasb
2026-03-21 18:51:33,447 [INFO] [MainThread] [root/watcher.py:104]: Created file watcher
2026-03-21 18:51:33,471 [INFO] [MainThread] [root/update_service.py:429]: Background update checker started
2026-03-21 19:33:31,963 [DEBUG] [Thread-7] [root/watcher.py:90]: Config file modified: c:\users\nastu\.config\yasb\config.yaml
2026-03-21 19:33:31,977 [INFO] [MainThread] [root/controller.py:15]: Reloading Application because of config change.
2026-03-21 19:33:32,087 [INFO] [MainThread] [cli_server/cli_server.py:114]: Log pipe server stopped
2026-03-21 19:33:32,087 [DEBUG] [MainThread] [cli_server/cli_server.py:209]: CLI server stopped
2026-03-21 19:33:32,091 [INFO] [MainThread] [root/bar_manager.py:79]: Successfully loaded updated config and re-initialised all bars.
2026-03-21 19:33:32,098 [INFO] [MainThread] [root/bar_manager.py:104]: Stopping WindowsNotificationEventListener...
2026-03-21 19:33:32,099 [INFO] [MainThread] [core.utils.widgets.taskbar.window_manager/window_manager.py:218]: TaskbarWindowManager stopped
2026-03-21 19:33:32,345 [INFO] [MainThread] [root/log.py:95]: YASB v1.9.0
2026-03-21 19:33:32,345 [INFO] [CLIPipeServer] [cli_server/cli_server.py:215]: CLI server started v1.1.6
2026-03-21 19:33:32,345 [INFO] [MainThread] [cli_server/cli_server.py:106]: Log pipe server started
2026-03-21 19:33:32,361 [DEBUG] [MainThread] [qasync._windows._EventPoller/_windows.py:215]: Starting (proactor: <_IocpProactor overlapped#=0 result#=0>)...
2026-03-21 19:33:32,362 [DEBUG] [Dummy-3] [qasync._windows._EventWorker/_windows.py:195]: Thread started
2026-03-21 19:33:32,681 [INFO] [MainThread] [root/service.py:41]: AudioInputService starting...
2026-03-21 19:33:32,722 [INFO] [MainThread] [root/service.py:52]: AudioOutputService starting...
2026-03-21 19:33:32,841 [INFO] [MainThread] [core.utils.widgets.taskbar.window_manager/window_manager.py:191]: TaskbarWindowManager is starting...
2026-03-21 19:33:32,979 [INFO] [MainThread] [root/bar_manager.py:88]: Starting SystemEventListener...
2026-03-21 19:33:32,979 [INFO] [MainThread] [root/bar_manager.py:88]: Starting KomorebiEventListener...
2026-03-21 19:33:32,979 [INFO] [MainThread] [root/bar_manager.py:88]: Starting WindowsNotificationEventListener...
2026-03-21 19:33:32,980 [INFO] [Dummy-7] [root/event_listener.py:51]: Created named pipe yasb-7709a6f3-2554-11f1-8c48-9c1221c73655
2026-03-21 19:33:32,981 [INFO] [MainThread] [root/watcher.py:65]: Watching directory: c:\users\nastu\.config\yasb
2026-03-21 19:33:32,981 [INFO] [MainThread] [root/watcher.py:104]: Created file watcher
2026-03-21 19:33:33,009 [INFO] [MainThread] [root/update_service.py:429]: Background update checker started
2026-03-21 19:34:09,445 [DEBUG] [Thread-8] [root/watcher.py:90]: Config file modified: c:\users\nastu\.config\yasb\config.yaml
2026-03-21 19:34:09,459 [INFO] [MainThread] [root/controller.py:15]: Reloading Application because of config change.
2026-03-21 19:34:09,566 [INFO] [MainThread] [cli_server/cli_server.py:114]: Log pipe server stopped
2026-03-21 19:34:09,566 [DEBUG] [MainThread] [cli_server/cli_server.py:209]: CLI server stopped
2026-03-21 19:34:09,569 [INFO] [MainThread] [root/bar_manager.py:79]: Successfully loaded updated config and re-initialised all bars.
2026-03-21 19:34:09,577 [INFO] [MainThread] [root/bar_manager.py:104]: Stopping SystemEventListener...
2026-03-21 19:34:09,577 [INFO] [MainThread] [root/bar_manager.py:104]: Stopping KomorebiEventListener...
2026-03-21 19:34:09,577 [INFO] [MainThread] [root/bar_manager.py:104]: Stopping WindowsNotificationEventListener...
2026-03-21 19:34:09,577 [INFO] [MainThread] [core.utils.widgets.taskbar.window_manager/window_manager.py:218]: TaskbarWindowManager stopped
2026-03-21 19:34:09,815 [INFO] [MainThread] [root/log.py:95]: YASB v1.9.0
2026-03-21 19:34:09,815 [INFO] [CLIPipeServer] [cli_server/cli_server.py:215]: CLI server started v1.1.6
2026-03-21 19:34:09,815 [INFO] [MainThread] [cli_server/cli_server.py:106]: Log pipe server started
2026-03-21 19:34:09,830 [DEBUG] [MainThread] [qasync._windows._EventPoller/_windows.py:215]: Starting (proactor: <_IocpProactor overlapped#=0 result#=0>)...
2026-03-21 19:34:09,831 [DEBUG] [Dummy-3] [qasync._windows._EventWorker/_windows.py:195]: Thread started
2026-03-21 19:34:10,263 [INFO] [MainThread] [root/service.py:41]: AudioInputService starting...
2026-03-21 19:34:10,303 [INFO] [MainThread] [root/service.py:52]: AudioOutputService starting...
2026-03-21 19:34:10,443 [INFO] [MainThread] [core.utils.widgets.taskbar.window_manager/window_manager.py:191]: TaskbarWindowManager is starting...
2026-03-21 19:34:10,618 [INFO] [MainThread] [root/bar_manager.py:88]: Starting WindowsNotificationEventListener...
2026-03-21 19:34:10,619 [INFO] [MainThread] [root/bar_manager.py:88]: Starting SystemEventListener...
2026-03-21 19:34:10,620 [INFO] [MainThread] [root/watcher.py:65]: Watching directory: c:\users\nastu\.config\yasb
2026-03-21 19:34:10,620 [INFO] [MainThread] [root/watcher.py:104]: Created file watcher
2026-03-21 19:34:10,644 [INFO] [MainThread] [root/update_service.py:429]: Background update checker started
2026-03-21 20:26:13,298 [DEBUG] [Thread-7] [root/watcher.py:84]: Stylesheet modified: c:\users\nastu\.config\yasb\styles.css
2026-03-21 20:33:28,061 [DEBUG] [Thread-7] [root/watcher.py:90]: Config file modified: c:\users\nastu\.config\yasb\config.yaml
2026-03-21 20:33:28,077 [INFO] [MainThread] [root/controller.py:15]: Reloading Application because of config change.
2026-03-21 20:33:28,182 [INFO] [MainThread] [cli_server/cli_server.py:114]: Log pipe server stopped
2026-03-21 20:33:28,182 [DEBUG] [MainThread] [cli_server/cli_server.py:209]: CLI server stopped
2026-03-21 20:33:28,185 [INFO] [MainThread] [root/bar_manager.py:79]: Successfully loaded updated config and re-initialised all bars.
2026-03-21 20:33:28,214 [INFO] [MainThread] [root/bar_manager.py:104]: Stopping WindowsNotificationEventListener...
2026-03-21 20:33:28,214 [INFO] [MainThread] [root/bar_manager.py:104]: Stopping SystemEventListener...
2026-03-21 20:33:28,215 [INFO] [MainThread] [core.utils.widgets.taskbar.window_manager/window_manager.py:218]: TaskbarWindowManager stopped
2026-03-21 20:33:29,199 [INFO] [MainThread] [root/log.py:95]: YASB v1.9.0
2026-03-21 20:33:29,199 [INFO] [CLIPipeServer] [cli_server/cli_server.py:215]: CLI server started v1.1.6
2026-03-21 20:33:29,199 [INFO] [MainThread] [cli_server/cli_server.py:106]: Log pipe server started
2026-03-21 20:33:29,294 [DEBUG] [MainThread] [qasync._windows._EventPoller/_windows.py:215]: Starting (proactor: <_IocpProactor overlapped#=0 result#=0>)...
2026-03-21 20:33:29,295 [DEBUG] [Dummy-3] [qasync._windows._EventWorker/_windows.py:195]: Thread started
2026-03-21 20:33:30,071 [INFO] [MainThread] [root/service.py:41]: AudioInputService starting...
2026-03-21 20:33:30,112 [INFO] [MainThread] [root/service.py:52]: AudioOutputService starting...
2026-03-21 20:33:30,356 [INFO] [MainThread] [core.utils.widgets.taskbar.window_manager/window_manager.py:191]: TaskbarWindowManager is starting...
2026-03-21 20:33:30,587 [INFO] [MainThread] [root/bar_manager.py:88]: Starting WindowsNotificationEventListener...
2026-03-21 20:33:30,588 [INFO] [MainThread] [root/bar_manager.py:88]: Starting SystemEventListener...
2026-03-21 20:33:30,589 [INFO] [MainThread] [root/watcher.py:65]: Watching directory: c:\users\nastu\.config\yasb
2026-03-21 20:33:30,589 [INFO] [MainThread] [root/watcher.py:104]: Created file watcher
2026-03-21 20:33:30,795 [INFO] [MainThread] [root/update_service.py:429]: Background update checker started
2026-03-21 20:34:07,024 [DEBUG] [Thread-7] [root/watcher.py:90]: Config file modified: c:\users\nastu\.config\yasb\config.yaml
2026-03-21 20:34:07,041 [INFO] [MainThread] [root/controller.py:15]: Reloading Application because of config change.
2026-03-21 20:34:07,146 [INFO] [MainThread] [cli_server/cli_server.py:114]: Log pipe server stopped
2026-03-21 20:34:07,146 [DEBUG] [MainThread] [cli_server/cli_server.py:209]: CLI server stopped
2026-03-21 20:34:07,150 [INFO] [MainThread] [root/bar_manager.py:79]: Successfully loaded updated config and re-initialised all bars.
2026-03-21 20:34:07,178 [INFO] [MainThread] [root/bar_manager.py:104]: Stopping WindowsNotificationEventListener...
2026-03-21 20:34:07,179 [INFO] [MainThread] [root/bar_manager.py:104]: Stopping SystemEventListener...
2026-03-21 20:34:07,179 [INFO] [MainThread] [core.utils.widgets.taskbar.window_manager/window_manager.py:218]: TaskbarWindowManager stopped
2026-03-21 20:34:07,406 [INFO] [MainThread] [root/log.py:95]: YASB v1.9.0
2026-03-21 20:34:07,406 [INFO] [CLIPipeServer] [cli_server/cli_server.py:215]: CLI server started v1.1.6
2026-03-21 20:34:07,406 [INFO] [MainThread] [cli_server/cli_server.py:106]: Log pipe server started
2026-03-21 20:34:07,423 [DEBUG] [MainThread] [qasync._windows._EventPoller/_windows.py:215]: Starting (proactor: <_IocpProactor overlapped#=0 result#=0>)...
2026-03-21 20:34:07,424 [DEBUG] [Dummy-3] [qasync._windows._EventWorker/_windows.py:195]: Thread started
2026-03-21 20:34:07,779 [INFO] [MainThread] [root/service.py:41]: AudioInputService starting...
2026-03-21 20:34:07,821 [INFO] [MainThread] [root/service.py:52]: AudioOutputService starting...
2026-03-21 20:34:08,017 [INFO] [MainThread] [core.utils.widgets.taskbar.window_manager/window_manager.py:191]: TaskbarWindowManager is starting...
2026-03-21 20:34:08,276 [INFO] [MainThread] [root/bar_manager.py:88]: Starting WindowsNotificationEventListener...
2026-03-21 20:34:08,277 [INFO] [MainThread] [root/bar_manager.py:88]: Starting SystemEventListener...
2026-03-21 20:34:08,278 [INFO] [MainThread] [root/watcher.py:65]: Watching directory: c:\users\nastu\.config\yasb
2026-03-21 20:34:08,278 [INFO] [MainThread] [root/watcher.py:104]: Created file watcher
2026-03-21 20:34:08,307 [INFO] [MainThread] [root/update_service.py:429]: Background update checker started
2026-03-21 20:40:05,074 [DEBUG] [Thread-7] [root/watcher.py:90]: Config file modified: c:\users\nastu\.config\yasb\config.yaml
2026-03-21 20:43:42,286 [DEBUG] [Thread-7] [root/watcher.py:84]: Stylesheet modified: c:\users\nastu\.config\yasb\styles.css
2026-03-21 20:45:31,585 [DEBUG] [Thread-7] [root/watcher.py:90]: Config file modified: c:\users\nastu\.config\yasb\config.yaml
2026-03-21 20:45:31,600 [INFO] [MainThread] [root/controller.py:15]: Reloading Application because of config change.
2026-03-21 20:45:31,600 [DEBUG] [Thread-7] [root/watcher.py:84]: Stylesheet modified: c:\users\nastu\.config\yasb\styles.css
2026-03-21 20:45:31,706 [INFO] [MainThread] [cli_server/cli_server.py:114]: Log pipe server stopped
2026-03-21 20:45:31,706 [DEBUG] [MainThread] [cli_server/cli_server.py:209]: CLI server stopped
2026-03-21 20:45:31,712 [INFO] [MainThread] [root/bar_manager.py:79]: Successfully loaded updated config and re-initialised all bars.
2026-03-21 20:45:31,781 [INFO] [MainThread] [root/bar_manager.py:104]: Stopping WindowsNotificationEventListener...
2026-03-21 20:45:31,781 [INFO] [MainThread] [root/bar_manager.py:104]: Stopping SystemEventListener...
2026-03-21 20:45:31,781 [INFO] [MainThread] [core.utils.widgets.taskbar.window_manager/window_manager.py:218]: TaskbarWindowManager stopped
2026-03-21 20:45:32,016 [INFO] [MainThread] [root/log.py:95]: YASB v1.9.0
2026-03-21 20:45:32,017 [INFO] [CLIPipeServer] [cli_server/cli_server.py:215]: CLI server started v1.1.6
2026-03-21 20:45:32,017 [INFO] [MainThread] [cli_server/cli_server.py:106]: Log pipe server started
2026-03-21 20:45:32,035 [DEBUG] [MainThread] [qasync._windows._EventPoller/_windows.py:215]: Starting (proactor: <_IocpProactor overlapped#=0 result#=0>)...
2026-03-21 20:45:32,035 [DEBUG] [Dummy-3] [qasync._windows._EventWorker/_windows.py:195]: Thread started
2026-03-21 20:45:32,390 [INFO] [MainThread] [root/service.py:41]: AudioInputService starting...
2026-03-21 20:45:32,434 [INFO] [MainThread] [root/service.py:52]: AudioOutputService starting...
2026-03-21 20:45:32,606 [INFO] [MainThread] [core.utils.widgets.taskbar.window_manager/window_manager.py:191]: TaskbarWindowManager is starting...
2026-03-21 20:45:32,842 [INFO] [MainThread] [root/bar_manager.py:88]: Starting SystemEventListener...
2026-03-21 20:45:32,842 [INFO] [MainThread] [root/bar_manager.py:88]: Starting WindowsNotificationEventListener...
2026-03-21 20:45:32,843 [INFO] [MainThread] [root/watcher.py:65]: Watching directory: c:\users\nastu\.config\yasb
2026-03-21 20:45:32,844 [INFO] [MainThread] [root/watcher.py:104]: Created file watcher
2026-03-21 20:45:32,872 [INFO] [MainThread] [root/update_service.py:429]: Background update checker started
2026-03-21 20:46:32,168 [DEBUG] [Thread-7] [root/watcher.py:90]: Config file modified: c:\users\nastu\.config\yasb\config.yaml
2026-03-21 20:46:32,185 [INFO] [MainThread] [root/controller.py:15]: Reloading Application because of config change.
2026-03-21 20:46:32,291 [INFO] [MainThread] [cli_server/cli_server.py:114]: Log pipe server stopped
2026-03-21 20:46:32,292 [DEBUG] [MainThread] [cli_server/cli_server.py:209]: CLI server stopped
2026-03-21 20:46:32,295 [INFO] [MainThread] [root/bar_manager.py:79]: Successfully loaded updated config and re-initialised all bars.
2026-03-21 20:46:32,321 [INFO] [MainThread] [root/bar_manager.py:104]: Stopping SystemEventListener...
2026-03-21 20:46:32,322 [INFO] [MainThread] [root/bar_manager.py:104]: Stopping WindowsNotificationEventListener...
2026-03-21 20:46:32,322 [INFO] [MainThread] [core.utils.widgets.taskbar.window_manager/window_manager.py:218]: TaskbarWindowManager stopped
2026-03-21 20:46:32,546 [INFO] [MainThread] [root/log.py:95]: YASB v1.9.0
2026-03-21 20:46:32,546 [INFO] [CLIPipeServer] [cli_server/cli_server.py:215]: CLI server started v1.1.6
2026-03-21 20:46:32,547 [INFO] [MainThread] [cli_server/cli_server.py:106]: Log pipe server started
2026-03-21 20:46:32,565 [DEBUG] [MainThread] [qasync._windows._EventPoller/_windows.py:215]: Starting (proactor: <_IocpProactor overlapped#=0 result#=0>)...
2026-03-21 20:46:32,566 [DEBUG] [Dummy-3] [qasync._windows._EventWorker/_windows.py:195]: Thread started
2026-03-21 20:46:32,894 [INFO] [MainThread] [root/service.py:41]: AudioInputService starting...
2026-03-21 20:46:32,936 [INFO] [MainThread] [root/service.py:52]: AudioOutputService starting...
2026-03-21 20:46:33,109 [INFO] [MainThread] [core.utils.widgets.taskbar.window_manager/window_manager.py:191]: TaskbarWindowManager is starting...
2026-03-21 20:46:33,322 [INFO] [MainThread] [root/bar_manager.py:88]: Starting WindowsNotificationEventListener...
2026-03-21 20:46:33,323 [INFO] [MainThread] [root/watcher.py:65]: Watching directory: c:\users\nastu\.config\yasb
2026-03-21 20:46:33,323 [INFO] [MainThread] [root/watcher.py:104]: Created file watcher
2026-03-21 20:46:33,354 [INFO] [MainThread] [root/update_service.py:429]: Background update checker started
2026-03-21 20:46:47,614 [DEBUG] [Thread-7] [root/watcher.py:90]: Config file modified: c:\users\nastu\.config\yasb\config.yaml
2026-03-21 20:46:47,629 [INFO] [MainThread] [root/controller.py:15]: Reloading Application because of config change.
2026-03-21 20:46:47,737 [INFO] [MainThread] [cli_server/cli_server.py:114]: Log pipe server stopped
2026-03-21 20:46:47,737 [DEBUG] [MainThread] [cli_server/cli_server.py:209]: CLI server stopped
2026-03-21 20:46:47,740 [INFO] [MainThread] [root/bar_manager.py:79]: Successfully loaded updated config and re-initialised all bars.
2026-03-21 20:46:47,764 [INFO] [MainThread] [root/bar_manager.py:104]: Stopping WindowsNotificationEventListener...
2026-03-21 20:46:47,764 [INFO] [MainThread] [core.utils.widgets.taskbar.window_manager/window_manager.py:218]: TaskbarWindowManager stopped
2026-03-21 20:46:47,991 [INFO] [MainThread] [root/log.py:95]: YASB v1.9.0
2026-03-21 20:46:47,991 [INFO] [CLIPipeServer] [cli_server/cli_server.py:215]: CLI server started v1.1.6
2026-03-21 20:46:47,991 [INFO] [MainThread] [cli_server/cli_server.py:106]: Log pipe server started
2026-03-21 20:46:48,021 [DEBUG] [MainThread] [qasync._windows._EventPoller/_windows.py:215]: Starting (proactor: <_IocpProactor overlapped#=0 result#=0>)...
2026-03-21 20:46:48,022 [DEBUG] [Dummy-3] [qasync._windows._EventWorker/_windows.py:195]: Thread started
2026-03-21 20:46:48,350 [INFO] [MainThread] [root/service.py:41]: AudioInputService starting...
2026-03-21 20:46:48,391 [INFO] [MainThread] [root/service.py:52]: AudioOutputService starting...
2026-03-21 20:46:48,553 [INFO] [MainThread] [core.utils.widgets.taskbar.window_manager/window_manager.py:191]: TaskbarWindowManager is starting...
2026-03-21 20:46:48,775 [INFO] [MainThread] [root/bar_manager.py:88]: Starting SystemEventListener...
2026-03-21 20:46:48,775 [INFO] [MainThread] [root/bar_manager.py:88]: Starting WindowsNotificationEventListener...
2026-03-21 20:46:48,776 [INFO] [MainThread] [root/watcher.py:65]: Watching directory: c:\users\nastu\.config\yasb
2026-03-21 20:46:48,776 [INFO] [MainThread] [root/watcher.py:104]: Created file watcher
2026-03-21 20:46:48,804 [INFO] [MainThread] [root/update_service.py:429]: Background update checker started
2026-03-21 20:46:58,681 [DEBUG] [Thread-7] [root/watcher.py:90]: Config file modified: c:\users\nastu\.config\yasb\config.yaml
2026-03-21 20:46:58,695 [INFO] [MainThread] [root/controller.py:15]: Reloading Application because of config change.
2026-03-21 20:46:58,802 [INFO] [MainThread] [cli_server/cli_server.py:114]: Log pipe server stopped
2026-03-21 20:46:58,802 [DEBUG] [MainThread] [cli_server/cli_server.py:209]: CLI server stopped
2026-03-21 20:46:58,806 [INFO] [MainThread] [root/bar_manager.py:79]: Successfully loaded updated config and re-initialised all bars.
2026-03-21 20:46:58,840 [INFO] [MainThread] [root/bar_manager.py:104]: Stopping SystemEventListener...
2026-03-21 20:46:58,840 [INFO] [MainThread] [root/bar_manager.py:104]: Stopping WindowsNotificationEventListener...
2026-03-21 20:46:58,840 [INFO] [MainThread] [core.utils.widgets.taskbar.window_manager/window_manager.py:218]: TaskbarWindowManager stopped
2026-03-21 20:46:59,057 [INFO] [MainThread] [root/log.py:95]: YASB v1.9.0
2026-03-21 20:46:59,057 [INFO] [CLIPipeServer] [cli_server/cli_server.py:215]: CLI server started v1.1.6
2026-03-21 20:46:59,058 [INFO] [MainThread] [cli_server/cli_server.py:106]: Log pipe server started
2026-03-21 20:46:59,075 [DEBUG] [MainThread] [qasync._windows._EventPoller/_windows.py:215]: Starting (proactor: <_IocpProactor overlapped#=0 result#=0>)...
2026-03-21 20:46:59,075 [DEBUG] [Dummy-3] [qasync._windows._EventWorker/_windows.py:195]: Thread started
2026-03-21 20:46:59,406 [INFO] [MainThread] [root/service.py:41]: AudioInputService starting...
2026-03-21 20:46:59,447 [INFO] [MainThread] [root/service.py:52]: AudioOutputService starting...
2026-03-21 20:46:59,610 [INFO] [MainThread] [core.utils.widgets.taskbar.window_manager/window_manager.py:191]: TaskbarWindowManager is starting...
2026-03-21 20:46:59,824 [INFO] [MainThread] [root/bar_manager.py:88]: Starting WindowsNotificationEventListener...
2026-03-21 20:46:59,825 [INFO] [MainThread] [root/watcher.py:65]: Watching directory: c:\users\nastu\.config\yasb
2026-03-21 20:46:59,826 [INFO] [MainThread] [root/watcher.py:104]: Created file watcher
2026-03-21 20:46:59,858 [INFO] [MainThread] [root/update_service.py:429]: Background update checker started
2026-03-21 20:47:12,229 [DEBUG] [Thread-7] [root/watcher.py:90]: Config file modified: c:\users\nastu\.config\yasb\config.yaml
2026-03-21 20:47:12,242 [INFO] [MainThread] [root/controller.py:15]: Reloading Application because of config change.
2026-03-21 20:47:12,356 [INFO] [MainThread] [cli_server/cli_server.py:114]: Log pipe server stopped
2026-03-21 20:47:12,356 [DEBUG] [MainThread] [cli_server/cli_server.py:209]: CLI server stopped
2026-03-21 20:47:12,360 [INFO] [MainThread] [root/bar_manager.py:79]: Successfully loaded updated config and re-initialised all bars.
2026-03-21 20:47:12,384 [INFO] [MainThread] [root/bar_manager.py:104]: Stopping WindowsNotificationEventListener...
2026-03-21 20:47:12,384 [INFO] [MainThread] [core.utils.widgets.taskbar.window_manager/window_manager.py:218]: TaskbarWindowManager stopped
2026-03-21 20:47:12,609 [INFO] [MainThread] [root/log.py:95]: YASB v1.9.0
2026-03-21 20:47:12,609 [INFO] [CLIPipeServer] [cli_server/cli_server.py:215]: CLI server started v1.1.6
2026-03-21 20:47:12,609 [INFO] [MainThread] [cli_server/cli_server.py:106]: Log pipe server started
2026-03-21 20:47:12,627 [DEBUG] [MainThread] [qasync._windows._EventPoller/_windows.py:215]: Starting (proactor: <_IocpProactor overlapped#=0 result#=0>)...
2026-03-21 20:47:12,627 [DEBUG] [Dummy-3] [qasync._windows._EventWorker/_windows.py:195]: Thread started
2026-03-21 20:47:12,929 [INFO] [MainThread] [root/service.py:41]: AudioInputService starting...
2026-03-21 20:47:12,971 [INFO] [MainThread] [root/service.py:52]: AudioOutputService starting...
2026-03-21 20:47:13,150 [INFO] [MainThread] [root/bar_manager.py:88]: Starting WindowsNotificationEventListener...
2026-03-21 20:47:13,151 [INFO] [MainThread] [root/watcher.py:65]: Watching directory: c:\users\nastu\.config\yasb
2026-03-21 20:47:13,151 [INFO] [MainThread] [root/watcher.py:104]: Created file watcher
2026-03-21 20:47:13,177 [INFO] [MainThread] [root/update_service.py:429]: Background update checker started
2026-03-21 20:51:10,522 [DEBUG] [Thread-7] [root/watcher.py:90]: Config file modified: c:\users\nastu\.config\yasb\config.yaml
2026-03-21 20:51:10,537 [INFO] [MainThread] [root/controller.py:15]: Reloading Application because of config change.
2026-03-21 20:51:10,537 [DEBUG] [Thread-7] [root/watcher.py:84]: Stylesheet modified: c:\users\nastu\.config\yasb\styles.css
2026-03-21 20:51:10,641 [INFO] [MainThread] [cli_server/cli_server.py:114]: Log pipe server stopped
2026-03-21 20:51:10,641 [DEBUG] [MainThread] [cli_server/cli_server.py:209]: CLI server stopped
2026-03-21 20:51:10,645 [INFO] [MainThread] [root/bar_manager.py:79]: Successfully loaded updated config and re-initialised all bars.
2026-03-21 20:51:10,708 [INFO] [MainThread] [root/bar_manager.py:104]: Stopping WindowsNotificationEventListener...
2026-03-21 20:51:10,902 [INFO] [MainThread] [root/log.py:95]: YASB v1.9.0
2026-03-21 20:51:10,902 [INFO] [CLIPipeServer] [cli_server/cli_server.py:215]: CLI server started v1.1.6
2026-03-21 20:51:10,903 [INFO] [MainThread] [cli_server/cli_server.py:106]: Log pipe server started
2026-03-21 20:51:10,920 [DEBUG] [MainThread] [qasync._windows._EventPoller/_windows.py:215]: Starting (proactor: <_IocpProactor overlapped#=0 result#=0>)...
2026-03-21 20:51:10,921 [DEBUG] [Dummy-3] [qasync._windows._EventWorker/_windows.py:195]: Thread started
2026-03-21 20:51:11,249 [INFO] [MainThread] [root/service.py:41]: AudioInputService starting...
2026-03-21 20:51:11,292 [INFO] [MainThread] [root/service.py:52]: AudioOutputService starting...
2026-03-21 20:51:11,494 [INFO] [MainThread] [root/bar_manager.py:88]: Starting SystemEventListener...
2026-03-21 20:51:11,494 [INFO] [MainThread] [root/bar_manager.py:88]: Starting WindowsNotificationEventListener...
2026-03-21 20:51:11,495 [INFO] [MainThread] [root/watcher.py:65]: Watching directory: c:\users\nastu\.config\yasb
2026-03-21 20:51:11,495 [INFO] [MainThread] [root/watcher.py:104]: Created file watcher
2026-03-21 20:51:11,526 [INFO] [MainThread] [root/update_service.py:429]: Background update checker started
2026-03-21 20:52:34,770 [DEBUG] [Thread-7] [root/watcher.py:90]: Config file modified: c:\users\nastu\.config\yasb\config.yaml
2026-03-21 20:52:34,785 [INFO] [MainThread] [root/controller.py:15]: Reloading Application because of config change.
2026-03-21 20:52:34,891 [INFO] [MainThread] [cli_server/cli_server.py:114]: Log pipe server stopped
2026-03-21 20:52:34,891 [DEBUG] [MainThread] [cli_server/cli_server.py:209]: CLI server stopped
2026-03-21 20:52:34,894 [INFO] [MainThread] [root/bar_manager.py:79]: Successfully loaded updated config and re-initialised all bars.
2026-03-21 20:52:34,917 [INFO] [MainThread] [root/bar_manager.py:104]: Stopping SystemEventListener...
2026-03-21 20:52:34,917 [INFO] [MainThread] [root/bar_manager.py:104]: Stopping WindowsNotificationEventListener...
2026-03-21 20:52:35,154 [INFO] [MainThread] [root/log.py:95]: YASB v1.9.0
2026-03-21 20:52:35,154 [INFO] [CLIPipeServer] [cli_server/cli_server.py:215]: CLI server started v1.1.6
2026-03-21 20:52:35,154 [INFO] [MainThread] [cli_server/cli_server.py:106]: Log pipe server started
2026-03-21 20:52:35,172 [DEBUG] [MainThread] [qasync._windows._EventPoller/_windows.py:215]: Starting (proactor: <_IocpProactor overlapped#=0 result#=0>)...
2026-03-21 20:52:35,173 [DEBUG] [Dummy-3] [qasync._windows._EventWorker/_windows.py:195]: Thread started
2026-03-21 20:52:35,494 [INFO] [MainThread] [root/service.py:41]: AudioInputService starting...
2026-03-21 20:52:35,537 [INFO] [MainThread] [root/service.py:52]: AudioOutputService starting...
2026-03-21 20:52:35,727 [INFO] [MainThread] [root/bar_manager.py:88]: Starting WindowsNotificationEventListener...
2026-03-21 20:52:35,728 [INFO] [MainThread] [root/watcher.py:65]: Watching directory: c:\users\nastu\.config\yasb
2026-03-21 20:52:35,729 [INFO] [MainThread] [root/watcher.py:104]: Created file watcher
2026-03-21 20:52:35,757 [INFO] [MainThread] [root/update_service.py:429]: Background update checker started
2026-03-21 20:54:31,148 [DEBUG] [Thread-7] [root/watcher.py:90]: Config file modified: c:\users\nastu\.config\yasb\config.yaml
2026-03-21 20:54:31,165 [INFO] [MainThread] [root/controller.py:15]: Reloading Application because of config change.
2026-03-21 20:54:31,165 [DEBUG] [Thread-7] [root/watcher.py:84]: Stylesheet modified: c:\users\nastu\.config\yasb\styles.css
2026-03-21 20:54:31,268 [INFO] [MainThread] [cli_server/cli_server.py:114]: Log pipe server stopped
2026-03-21 20:54:31,268 [DEBUG] [MainThread] [cli_server/cli_server.py:209]: CLI server stopped
2026-03-21 20:54:31,271 [INFO] [MainThread] [root/bar_manager.py:79]: Successfully loaded updated config and re-initialised all bars.
2026-03-21 20:54:31,327 [INFO] [MainThread] [root/bar_manager.py:104]: Stopping WindowsNotificationEventListener...
2026-03-21 20:54:31,524 [INFO] [MainThread] [root/log.py:95]: YASB v1.9.0
2026-03-21 20:54:31,524 [INFO] [CLIPipeServer] [cli_server/cli_server.py:215]: CLI server started v1.1.6
2026-03-21 20:54:31,524 [INFO] [MainThread] [cli_server/cli_server.py:106]: Log pipe server started
2026-03-21 20:54:31,543 [DEBUG] [MainThread] [qasync._windows._EventPoller/_windows.py:215]: Starting (proactor: <_IocpProactor overlapped#=0 result#=0>)...
2026-03-21 20:54:31,544 [DEBUG] [Dummy-3] [qasync._windows._EventWorker/_windows.py:195]: Thread started
2026-03-21 20:54:31,868 [INFO] [MainThread] [root/service.py:41]: AudioInputService starting...
2026-03-21 20:54:31,909 [INFO] [MainThread] [root/service.py:52]: AudioOutputService starting...
2026-03-21 20:54:32,127 [INFO] [MainThread] [root/bar_manager.py:88]: Starting SystemEventListener...
2026-03-21 20:54:32,127 [INFO] [MainThread] [root/bar_manager.py:88]: Starting WindowsNotificationEventListener...
2026-03-21 20:54:32,129 [INFO] [MainThread] [root/watcher.py:65]: Watching directory: c:\users\nastu\.config\yasb
2026-03-21 20:54:32,129 [INFO] [MainThread] [root/watcher.py:104]: Created file watcher
2026-03-21 20:54:32,157 [INFO] [MainThread] [root/update_service.py:429]: Background update checker started
2026-03-21 20:58:54,082 [DEBUG] [Thread-7] [root/watcher.py:84]: Stylesheet modified: c:\users\nastu\.config\yasb\styles.css
2026-03-21 21:42:33,346 [INFO] [MainThread] [root/bar_manager.py:104]: Stopping SystemEventListener...
2026-03-21 21:42:33,346 [INFO] [MainThread] [root/bar_manager.py:104]: Stopping WindowsNotificationEventListener...
2026-03-22 11:18:25,266 [INFO] [MainThread] [root/log.py:95]: YASB v1.9.0
2026-03-22 11:18:25,266 [INFO] [CLIPipeServer] [cli_server/cli_server.py:215]: CLI server started v1.1.6
2026-03-22 11:18:25,266 [INFO] [MainThread] [cli_server/cli_server.py:106]: Log pipe server started
2026-03-22 11:18:25,369 [DEBUG] [MainThread] [qasync._windows._EventPoller/_windows.py:215]: Starting (proactor: <_IocpProactor overlapped#=0 result#=0>)...
2026-03-22 11:18:25,370 [DEBUG] [Dummy-3] [qasync._windows._EventWorker/_windows.py:195]: Thread started
2026-03-22 11:18:26,122 [INFO] [MainThread] [root/service.py:41]: AudioInputService starting...
2026-03-22 11:18:26,165 [INFO] [MainThread] [root/service.py:52]: AudioOutputService starting...
2026-03-22 11:18:26,364 [INFO] [MainThread] [root/bar_manager.py:88]: Starting SystemEventListener...
2026-03-22 11:18:26,364 [INFO] [MainThread] [root/bar_manager.py:88]: Starting WindowsNotificationEventListener...
2026-03-22 11:18:26,366 [INFO] [MainThread] [root/watcher.py:65]: Watching directory: c:\users\nastu\.config\yasb
2026-03-22 11:18:26,366 [INFO] [MainThread] [root/watcher.py:104]: Created file watcher
2026-03-22 11:18:26,561 [INFO] [MainThread] [root/update_service.py:429]: Background update checker started
2026-03-22 11:20:17,652 [DEBUG] [Thread-7] [root/watcher.py:90]: Config file modified: c:\users\nastu\.config\yasb\config.yaml
2026-03-22 11:20:17,665 [INFO] [MainThread] [root/controller.py:15]: Reloading Application because of config change.
2026-03-22 11:20:17,776 [INFO] [MainThread] [cli_server/cli_server.py:114]: Log pipe server stopped
2026-03-22 11:20:17,776 [DEBUG] [MainThread] [cli_server/cli_server.py:209]: CLI server stopped
2026-03-22 11:20:17,780 [INFO] [MainThread] [root/bar_manager.py:79]: Successfully loaded updated config and re-initialised all bars.
2026-03-22 11:20:17,799 [INFO] [MainThread] [root/bar_manager.py:104]: Stopping SystemEventListener...
2026-03-22 11:20:17,799 [INFO] [MainThread] [root/bar_manager.py:104]: Stopping WindowsNotificationEventListener...
2026-03-22 11:20:18,030 [INFO] [MainThread] [root/log.py:95]: YASB v1.9.0
2026-03-22 11:20:18,030 [INFO] [CLIPipeServer] [cli_server/cli_server.py:215]: CLI server started v1.1.6
2026-03-22 11:20:18,031 [INFO] [MainThread] [cli_server/cli_server.py:106]: Log pipe server started
2026-03-22 11:20:18,046 [DEBUG] [MainThread] [qasync._windows._EventPoller/_windows.py:215]: Starting (proactor: <_IocpProactor overlapped#=0 result#=0>)...
2026-03-22 11:20:18,047 [DEBUG] [Dummy-3] [qasync._windows._EventWorker/_windows.py:195]: Thread started
2026-03-22 11:20:18,346 [INFO] [MainThread] [root/service.py:41]: AudioInputService starting...
2026-03-22 11:20:18,385 [INFO] [MainThread] [root/service.py:52]: AudioOutputService starting...
2026-03-22 11:20:18,548 [INFO] [MainThread] [root/bar_manager.py:88]: Starting SystemEventListener...
2026-03-22 11:20:18,548 [INFO] [MainThread] [root/bar_manager.py:88]: Starting WindowsNotificationEventListener...
2026-03-22 11:20:18,549 [INFO] [MainThread] [root/watcher.py:65]: Watching directory: c:\users\nastu\.config\yasb
2026-03-22 11:20:18,550 [INFO] [MainThread] [root/watcher.py:104]: Created file watcher
2026-03-22 11:20:18,575 [INFO] [MainThread] [root/update_service.py:429]: Background update checker started
2026-03-22 12:24:55,682 [DEBUG] [Thread-7] [root/watcher.py:90]: Config file modified: c:\users\nastu\.config\yasb\config.yaml
2026-03-22 14:29:20,120 [INFO] [MainThread] [root/controller.py:37]: Exiting Application from tray...
2026-03-22 14:29:20,229 [INFO] [MainThread] [cli_server/cli_server.py:114]: Log pipe server stopped
2026-03-22 14:29:20,229 [DEBUG] [MainThread] [cli_server/cli_server.py:209]: CLI server stopped
2026-03-22 14:29:20,278 [INFO] [MainThread] [root/bar_manager.py:104]: Stopping SystemEventListener...
2026-03-22 14:29:20,279 [INFO] [MainThread] [root/bar_manager.py:104]: Stopping WindowsNotificationEventListener...
2026-03-22 14:47:00,321 [INFO] [MainThread] [root/log.py:95]: YASB v1.9.0
2026-03-22 14:47:00,321 [INFO] [CLIPipeServer] [cli_server/cli_server.py:215]: CLI server started v1.1.6
2026-03-22 14:47:00,321 [INFO] [MainThread] [cli_server/cli_server.py:106]: Log pipe server started
2026-03-22 14:47:00,343 [DEBUG] [MainThread] [qasync._windows._EventPoller/_windows.py:215]: Starting (proactor: <_IocpProactor overlapped#=0 result#=0>)...
2026-03-22 14:47:00,343 [DEBUG] [Dummy-3] [qasync._windows._EventWorker/_windows.py:195]: Thread started
2026-03-22 14:47:00,659 [INFO] [MainThread] [root/service.py:41]: AudioInputService starting...
2026-03-22 14:47:00,705 [INFO] [MainThread] [root/service.py:52]: AudioOutputService starting...
2026-03-22 14:47:00,977 [INFO] [MainThread] [root/bar_manager.py:88]: Starting WindowsNotificationEventListener...
2026-03-22 14:47:00,978 [INFO] [MainThread] [root/bar_manager.py:88]: Starting SystemEventListener...
2026-03-22 14:47:00,979 [INFO] [MainThread] [root/watcher.py:65]: Watching directory: c:\users\nastu\.config\yasb
2026-03-22 14:47:00,979 [INFO] [MainThread] [root/watcher.py:104]: Created file watcher
2026-03-22 14:47:01,007 [INFO] [MainThread] [root/update_service.py:429]: Background update checker started
2026-03-22 19:39:51,995 [INFO] [MainThread] [root/bar_manager.py:83]: Screens updated. Re-initialising all bars.
2026-03-22 19:39:51,995 [INFO] [MainThread] [root/controller.py:15]: Reloading Application because of screen update.
2026-03-22 19:39:52,098 [INFO] [MainThread] [cli_server/cli_server.py:114]: Log pipe server stopped
2026-03-22 19:39:52,099 [DEBUG] [MainThread] [cli_server/cli_server.py:209]: CLI server stopped
2026-03-22 19:39:52,674 [INFO] [MainThread] [root/bar_manager.py:83]: Screens updated. Re-initialising all bars.
2026-03-22 19:39:52,674 [INFO] [MainThread] [root/controller.py:15]: Reloading Application because of screen update.
2026-03-22 19:39:52,776 [INFO] [MainThread] [cli_server/cli_server.py:114]: Log pipe server stopped
2026-03-22 19:39:52,776 [DEBUG] [MainThread] [cli_server/cli_server.py:209]: CLI server stopped
2026-03-22 19:39:52,919 [INFO] [MainThread] [root/bar.py:149]: Screen geometry changed. Updating position for bar primary-bar on screen P34WD-40
2026-03-22 19:39:52,949 [INFO] [MainThread] [root/bar_manager.py:104]: Stopping WindowsNotificationEventListener...
2026-03-22 19:39:52,949 [INFO] [MainThread] [root/bar_manager.py:104]: Stopping SystemEventListener...
2026-03-22 19:39:53,682 [INFO] [MainThread] [root/log.py:95]: YASB v1.9.0
2026-03-22 19:39:53,682 [INFO] [CLIPipeServer] [cli_server/cli_server.py:215]: CLI server started v1.1.6
2026-03-22 19:39:53,682 [INFO] [MainThread] [cli_server/cli_server.py:106]: Log pipe server started
2026-03-22 19:39:53,682 [INFO] [MainThread] [cli_server/cli_server.py:106]: Log pipe server started
2026-03-22 19:39:53,682 [INFO] [MainThread] [root/main.py:46]: Waiting for previous YASB instance to exit...
2026-03-22 19:39:53,775 [DEBUG] [MainThread] [qasync._windows._EventPoller/_windows.py:215]: Starting (proactor: <_IocpProactor overlapped#=0 result#=0>)...
2026-03-22 19:39:53,775 [DEBUG] [Dummy-3] [qasync._windows._EventWorker/_windows.py:195]: Thread started
2026-03-22 19:39:54,442 [INFO] [MainThread] [root/service.py:41]: AudioInputService starting...
2026-03-22 19:39:54,481 [INFO] [MainThread] [root/service.py:52]: AudioOutputService starting...
2026-03-22 19:39:54,586 [INFO] [MainThread] [root/bar_manager.py:88]: Starting SystemEventListener...
2026-03-22 19:39:54,586 [INFO] [MainThread] [root/bar_manager.py:88]: Starting WindowsNotificationEventListener...
2026-03-22 19:39:54,588 [INFO] [MainThread] [root/watcher.py:65]: Watching directory: c:\users\nastu\.config\yasb
2026-03-22 19:39:54,588 [INFO] [MainThread] [root/watcher.py:104]: Created file watcher
2026-03-22 19:39:54,788 [INFO] [MainThread] [root/update_service.py:429]: Background update checker started
2026-03-22 19:40:03,697 [ERROR] [MainThread] [root/main.py:69]: Timeout waiting for previous instance. Aborting start.
2026-03-22 19:40:30,804 [INFO] [MainThread] [root/bar_manager.py:83]: Screens updated. Re-initialising all bars.
2026-03-22 19:40:30,804 [INFO] [MainThread] [root/controller.py:15]: Reloading Application because of screen update.
2026-03-22 19:40:30,915 [INFO] [MainThread] [cli_server/cli_server.py:114]: Log pipe server stopped
2026-03-22 19:40:30,916 [DEBUG] [MainThread] [cli_server/cli_server.py:209]: CLI server stopped
2026-03-22 19:40:31,187 [INFO] [MainThread] [root/log.py:95]: YASB v1.9.0
2026-03-22 19:40:31,187 [INFO] [CLIPipeServer] [cli_server/cli_server.py:215]: CLI server started v1.1.6
2026-03-22 19:40:31,188 [INFO] [MainThread] [cli_server/cli_server.py:106]: Log pipe server started
2026-03-22 19:40:31,188 [INFO] [MainThread] [root/main.py:46]: Waiting for previous YASB instance to exit...
2026-03-22 19:40:31,434 [INFO] [MainThread] [root/bar_manager.py:104]: Stopping SystemEventListener...
2026-03-22 19:40:31,434 [INFO] [MainThread] [root/bar_manager.py:104]: Stopping WindowsNotificationEventListener...
2026-03-22 19:40:31,689 [INFO] [MainThread] [root/main.py:72]: Previous instance exited, continuing startup.
2026-03-22 19:40:31,735 [DEBUG] [MainThread] [qasync._windows._EventPoller/_windows.py:215]: Starting (proactor: <_IocpProactor overlapped#=0 result#=0>)...
2026-03-22 19:40:31,736 [DEBUG] [Dummy-3] [qasync._windows._EventWorker/_windows.py:195]: Thread started
2026-03-22 19:40:32,077 [INFO] [MainThread] [root/service.py:41]: AudioInputService starting...
2026-03-22 19:40:32,119 [INFO] [MainThread] [root/service.py:52]: AudioOutputService starting...
2026-03-22 19:40:32,320 [INFO] [MainThread] [root/bar_manager.py:88]: Starting WindowsNotificationEventListener...
2026-03-22 19:40:32,320 [INFO] [MainThread] [root/bar_manager.py:88]: Starting SystemEventListener...
2026-03-22 19:40:32,321 [INFO] [MainThread] [root/watcher.py:65]: Watching directory: c:\users\nastu\.config\yasb
2026-03-22 19:40:32,321 [INFO] [MainThread] [root/watcher.py:104]: Created file watcher
2026-03-22 19:40:32,353 [INFO] [MainThread] [root/update_service.py:429]: Background update checker started
2026-03-22 19:40:38,021 [INFO] [MainThread] [root/bar.py:149]: Screen geometry changed. Updating position for bar primary-bar on screen BenQ PD3205U
2026-03-22 19:40:38,070 [INFO] [MainThread] [root/bar.py:149]: Screen geometry changed. Updating position for bar primary-bar on screen P34WD-40
2026-03-22 19:40:53,528 [INFO] [MainThread] [root/bar.py:149]: Screen geometry changed. Updating position for bar primary-bar on screen P34WD-40
2026-03-22 19:40:53,654 [INFO] [MainThread] [root/bar.py:149]: Screen geometry changed. Updating position for bar primary-bar on screen BenQ PD3205U
2026-03-22 19:41:02,822 [INFO] [MainThread] [root/bar.py:149]: Screen geometry changed. Updating position for bar primary-bar on screen BenQ PD3205U
2026-03-22 19:41:02,835 [INFO] [MainThread] [root/bar.py:149]: Screen geometry changed. Updating position for bar primary-bar on screen P34WD-40
2026-03-22 19:41:31,791 [INFO] [MainThread] [root/bar_manager.py:83]: Screens updated. Re-initialising all bars.
2026-03-22 19:41:31,791 [INFO] [MainThread] [root/controller.py:15]: Reloading Application because of screen update.
2026-03-22 19:41:31,903 [INFO] [MainThread] [cli_server/cli_server.py:114]: Log pipe server stopped
2026-03-22 19:41:31,903 [DEBUG] [MainThread] [cli_server/cli_server.py:209]: CLI server stopped
2026-03-22 19:41:32,120 [INFO] [MainThread] [root/bar.py:149]: Screen geometry changed. Updating position for bar primary-bar on screen P34WD-40
2026-03-22 19:41:32,174 [INFO] [MainThread] [root/log.py:95]: YASB v1.9.0
2026-03-22 19:41:32,174 [INFO] [CLIPipeServer] [cli_server/cli_server.py:215]: CLI server started v1.1.6
2026-03-22 19:41:32,174 [INFO] [MainThread] [cli_server/cli_server.py:106]: Log pipe server started
2026-03-22 19:41:32,174 [INFO] [MainThread] [root/main.py:46]: Waiting for previous YASB instance to exit...
2026-03-22 19:41:32,331 [INFO] [MainThread] [root/bar_manager.py:104]: Stopping WindowsNotificationEventListener...
2026-03-22 19:41:32,331 [INFO] [MainThread] [root/bar_manager.py:104]: Stopping SystemEventListener...
2026-03-22 19:41:32,675 [INFO] [MainThread] [root/main.py:72]: Previous instance exited, continuing startup.
2026-03-22 19:41:32,706 [DEBUG] [MainThread] [qasync._windows._EventPoller/_windows.py:215]: Starting (proactor: <_IocpProactor overlapped#=0 result#=0>)...
2026-03-22 19:41:32,706 [DEBUG] [Dummy-3] [qasync._windows._EventWorker/_windows.py:195]: Thread started
2026-03-22 19:41:33,044 [INFO] [MainThread] [root/service.py:41]: AudioInputService starting...
2026-03-22 19:41:33,084 [INFO] [MainThread] [root/service.py:52]: AudioOutputService starting...
2026-03-22 19:41:33,179 [INFO] [MainThread] [root/bar_manager.py:88]: Starting WindowsNotificationEventListener...
2026-03-22 19:41:33,179 [INFO] [MainThread] [root/bar_manager.py:88]: Starting SystemEventListener...
2026-03-22 19:41:33,180 [INFO] [MainThread] [root/watcher.py:65]: Watching directory: c:\users\nastu\.config\yasb
2026-03-22 19:41:33,180 [INFO] [MainThread] [root/watcher.py:104]: Created file watcher
2026-03-22 19:41:33,210 [INFO] [MainThread] [root/update_service.py:429]: Background update checker started
2026-03-22 19:41:54,206 [INFO] [MainThread] [root/bar_manager.py:83]: Screens updated. Re-initialising all bars.
2026-03-22 19:41:54,206 [INFO] [MainThread] [root/controller.py:15]: Reloading Application because of screen update.
2026-03-22 19:41:54,321 [INFO] [MainThread] [cli_server/cli_server.py:114]: Log pipe server stopped
2026-03-22 19:41:54,321 [DEBUG] [MainThread] [cli_server/cli_server.py:209]: CLI server stopped
2026-03-22 19:41:54,597 [INFO] [MainThread] [root/log.py:95]: YASB v1.9.0
2026-03-22 19:41:54,597 [INFO] [CLIPipeServer] [cli_server/cli_server.py:215]: CLI server started v1.1.6
2026-03-22 19:41:54,597 [INFO] [MainThread] [cli_server/cli_server.py:106]: Log pipe server started
2026-03-22 19:41:54,597 [INFO] [MainThread] [root/main.py:46]: Waiting for previous YASB instance to exit...
2026-03-22 19:41:54,788 [INFO] [MainThread] [root/bar_manager.py:104]: Stopping WindowsNotificationEventListener...
2026-03-22 19:41:54,789 [INFO] [MainThread] [root/bar_manager.py:104]: Stopping SystemEventListener...
2026-03-22 19:41:55,098 [INFO] [MainThread] [root/main.py:72]: Previous instance exited, continuing startup.
2026-03-22 19:41:55,151 [DEBUG] [MainThread] [qasync._windows._EventPoller/_windows.py:215]: Starting (proactor: <_IocpProactor overlapped#=0 result#=0>)...
2026-03-22 19:41:55,152 [DEBUG] [Dummy-3] [qasync._windows._EventWorker/_windows.py:195]: Thread started
2026-03-22 19:41:55,510 [INFO] [MainThread] [root/service.py:41]: AudioInputService starting...
2026-03-22 19:41:55,552 [INFO] [MainThread] [root/service.py:52]: AudioOutputService starting...
2026-03-22 19:41:55,774 [INFO] [MainThread] [root/bar_manager.py:88]: Starting WindowsNotificationEventListener...
2026-03-22 19:41:55,774 [INFO] [MainThread] [root/bar_manager.py:88]: Starting SystemEventListener...
2026-03-22 19:41:55,775 [INFO] [MainThread] [root/watcher.py:65]: Watching directory: c:\users\nastu\.config\yasb
2026-03-22 19:41:55,775 [INFO] [MainThread] [root/watcher.py:104]: Created file watcher
2026-03-22 19:41:55,807 [INFO] [MainThread] [root/update_service.py:429]: Background update checker started
2026-03-22 19:42:03,874 [INFO] [MainThread] [root/bar.py:149]: Screen geometry changed. Updating position for bar primary-bar on screen BenQ PD3205U
2026-03-22 19:42:10,145 [INFO] [MainThread] [root/bar.py:149]: Screen geometry changed. Updating position for bar primary-bar on screen BenQ PD3205U
2026-03-22 19:42:10,175 [INFO] [MainThread] [root/bar.py:149]: Screen geometry changed. Updating position for bar primary-bar on screen P34WD-40
2026-03-22 19:42:23,298 [INFO] [MainThread] [root/bar_manager.py:83]: Screens updated. Re-initialising all bars.
2026-03-22 19:42:23,298 [INFO] [MainThread] [root/controller.py:15]: Reloading Application because of screen update.
2026-03-22 19:42:23,407 [INFO] [MainThread] [cli_server/cli_server.py:114]: Log pipe server stopped
2026-03-22 19:42:23,407 [DEBUG] [MainThread] [cli_server/cli_server.py:209]: CLI server stopped
2026-03-22 19:42:23,693 [INFO] [MainThread] [root/log.py:95]: YASB v1.9.0
2026-03-22 19:42:23,693 [INFO] [CLIPipeServer] [cli_server/cli_server.py:215]: CLI server started v1.1.6
2026-03-22 19:42:23,693 [INFO] [MainThread] [cli_server/cli_server.py:106]: Log pipe server started
2026-03-22 19:42:23,693 [INFO] [MainThread] [root/main.py:46]: Waiting for previous YASB instance to exit...
2026-03-22 19:42:24,250 [INFO] [MainThread] [root/bar_manager.py:104]: Stopping WindowsNotificationEventListener...
2026-03-22 19:42:24,251 [INFO] [MainThread] [root/bar_manager.py:104]: Stopping SystemEventListener...
2026-03-22 19:42:24,445 [INFO] [MainThread] [root/main.py:72]: Previous instance exited, continuing startup.
2026-03-22 19:42:24,494 [DEBUG] [MainThread] [qasync._windows._EventPoller/_windows.py:215]: Starting (proactor: <_IocpProactor overlapped#=0 result#=0>)...
2026-03-22 19:42:24,496 [DEBUG] [Dummy-3] [qasync._windows._EventWorker/_windows.py:195]: Thread started
2026-03-22 19:42:24,857 [INFO] [MainThread] [root/service.py:41]: AudioInputService starting...
2026-03-22 19:42:24,899 [INFO] [MainThread] [root/service.py:52]: AudioOutputService starting...
2026-03-22 19:42:25,352 [INFO] [MainThread] [root/bar_manager.py:88]: Starting SystemEventListener...
2026-03-22 19:42:25,353 [INFO] [MainThread] [root/bar_manager.py:88]: Starting WindowsNotificationEventListener...
2026-03-22 19:42:25,354 [INFO] [MainThread] [root/watcher.py:65]: Watching directory: c:\users\nastu\.config\yasb
2026-03-22 19:42:25,354 [INFO] [MainThread] [root/watcher.py:104]: Created file watcher
2026-03-22 19:42:25,393 [INFO] [MainThread] [root/update_service.py:429]: Background update checker started
2026-03-22 19:42:27,573 [INFO] [MainThread] [root/bar_manager.py:83]: Screens updated. Re-initialising all bars.
2026-03-22 19:42:27,573 [INFO] [MainThread] [root/controller.py:15]: Reloading Application because of screen update.
2026-03-22 19:42:27,673 [INFO] [MainThread] [cli_server/cli_server.py:114]: Log pipe server stopped
2026-03-22 19:42:27,673 [DEBUG] [MainThread] [cli_server/cli_server.py:209]: CLI server stopped
2026-03-22 19:42:27,952 [INFO] [MainThread] [root/log.py:95]: YASB v1.9.0
2026-03-22 19:42:27,952 [INFO] [CLIPipeServer] [cli_server/cli_server.py:215]: CLI server started v1.1.6
2026-03-22 19:42:27,952 [INFO] [MainThread] [cli_server/cli_server.py:106]: Log pipe server started
2026-03-22 19:42:27,952 [INFO] [MainThread] [root/main.py:46]: Waiting for previous YASB instance to exit...
2026-03-22 19:42:28,545 [INFO] [MainThread] [root/bar.py:149]: Screen geometry changed. Updating position for bar primary-bar on screen P34WD-40
2026-03-22 19:42:28,547 [INFO] [MainThread] [root/bar.py:149]: Screen geometry changed. Updating position for bar primary-bar on screen BenQ PD3205U
2026-03-22 19:42:28,602 [INFO] [MainThread] [root/bar_manager.py:104]: Stopping SystemEventListener...
2026-03-22 19:42:28,602 [INFO] [MainThread] [root/bar_manager.py:104]: Stopping WindowsNotificationEventListener...
2026-03-22 19:42:28,704 [INFO] [MainThread] [root/main.py:72]: Previous instance exited, continuing startup.
2026-03-22 19:42:28,734 [DEBUG] [MainThread] [qasync._windows._EventPoller/_windows.py:215]: Starting (proactor: <_IocpProactor overlapped#=0 result#=0>)...
2026-03-22 19:42:28,735 [DEBUG] [Dummy-3] [qasync._windows._EventWorker/_windows.py:195]: Thread started
2026-03-22 19:42:29,075 [INFO] [MainThread] [root/service.py:41]: AudioInputService starting...
2026-03-22 19:42:29,117 [INFO] [MainThread] [root/service.py:52]: AudioOutputService starting...
2026-03-22 19:42:29,367 [INFO] [MainThread] [root/bar_manager.py:88]: Starting WindowsNotificationEventListener...
2026-03-22 19:42:29,367 [INFO] [MainThread] [root/bar_manager.py:88]: Starting SystemEventListener...
2026-03-22 19:42:29,368 [INFO] [MainThread] [root/watcher.py:65]: Watching directory: c:\users\nastu\.config\yasb
2026-03-22 19:42:29,368 [INFO] [MainThread] [root/watcher.py:104]: Created file watcher
2026-03-22 19:42:29,404 [INFO] [MainThread] [root/update_service.py:429]: Background update checker started
2026-03-22 19:42:32,426 [INFO] [MainThread] [root/bar_manager.py:83]: Screens updated. Re-initialising all bars.
2026-03-22 19:42:32,426 [INFO] [MainThread] [root/controller.py:15]: Reloading Application because of screen update.
2026-03-22 19:42:32,533 [INFO] [MainThread] [cli_server/cli_server.py:114]: Log pipe server stopped
2026-03-22 19:42:32,533 [DEBUG] [MainThread] [cli_server/cli_server.py:209]: CLI server stopped
2026-03-22 19:42:32,810 [INFO] [MainThread] [root/log.py:95]: YASB v1.9.0
2026-03-22 19:42:32,810 [INFO] [CLIPipeServer] [cli_server/cli_server.py:215]: CLI server started v1.1.6
2026-03-22 19:42:32,811 [INFO] [MainThread] [cli_server/cli_server.py:106]: Log pipe server started
2026-03-22 19:42:32,811 [INFO] [MainThread] [root/main.py:46]: Waiting for previous YASB instance to exit...
2026-03-22 19:42:33,323 [INFO] [MainThread] [root/bar_manager.py:104]: Stopping WindowsNotificationEventListener...
2026-03-22 19:42:33,323 [INFO] [MainThread] [root/bar_manager.py:104]: Stopping SystemEventListener...
2026-03-22 19:42:33,561 [INFO] [MainThread] [root/main.py:72]: Previous instance exited, continuing startup.
2026-03-22 19:42:33,611 [DEBUG] [MainThread] [qasync._windows._EventPoller/_windows.py:215]: Starting (proactor: <_IocpProactor overlapped#=0 result#=0>)...
2026-03-22 19:42:33,612 [DEBUG] [Dummy-3] [qasync._windows._EventWorker/_windows.py:195]: Thread started
2026-03-22 19:42:33,973 [INFO] [MainThread] [root/service.py:41]: AudioInputService starting...
2026-03-22 19:42:34,017 [INFO] [MainThread] [root/service.py:52]: AudioOutputService starting...
2026-03-22 19:42:34,384 [INFO] [MainThread] [root/bar_manager.py:88]: Starting WindowsNotificationEventListener...
2026-03-22 19:42:34,385 [INFO] [MainThread] [root/bar_manager.py:88]: Starting SystemEventListener...
2026-03-22 19:42:34,386 [INFO] [MainThread] [root/watcher.py:65]: Watching directory: c:\users\nastu\.config\yasb
2026-03-22 19:42:34,386 [INFO] [MainThread] [root/watcher.py:104]: Created file watcher
2026-03-22 19:42:34,418 [INFO] [MainThread] [root/update_service.py:429]: Background update checker started
2026-03-22 20:13:00,654 [INFO] [MainThread] [root/bar_manager.py:104]: Stopping WindowsNotificationEventListener...
2026-03-22 20:13:00,654 [INFO] [MainThread] [root/bar_manager.py:104]: Stopping SystemEventListener...
2026-03-23 08:29:03,892 [INFO] [MainThread] [root/log.py:95]: YASB v1.9.0
2026-03-23 08:29:03,893 [INFO] [CLIPipeServer] [cli_server/cli_server.py:215]: CLI server started v1.1.6
2026-03-23 08:29:03,893 [INFO] [MainThread] [cli_server/cli_server.py:106]: Log pipe server started
2026-03-23 08:29:03,998 [DEBUG] [MainThread] [qasync._windows._EventPoller/_windows.py:215]: Starting (proactor: <_IocpProactor overlapped#=0 result#=0>)...
2026-03-23 08:29:04,000 [DEBUG] [Dummy-3] [qasync._windows._EventWorker/_windows.py:195]: Thread started
2026-03-23 08:29:05,025 [INFO] [MainThread] [root/service.py:41]: AudioInputService starting...
2026-03-23 08:29:05,075 [INFO] [MainThread] [root/service.py:52]: AudioOutputService starting...
2026-03-23 08:29:05,313 [INFO] [MainThread] [root/bar_manager.py:88]: Starting WindowsNotificationEventListener...
2026-03-23 08:29:05,313 [INFO] [MainThread] [root/bar_manager.py:88]: Starting SystemEventListener...
2026-03-23 08:29:05,315 [INFO] [MainThread] [root/watcher.py:65]: Watching directory: c:\users\nastu\.config\yasb
2026-03-23 08:29:05,315 [INFO] [MainThread] [root/watcher.py:104]: Created file watcher
2026-03-23 08:29:05,536 [INFO] [MainThread] [root/update_service.py:429]: Background update checker started
